"Example of Byte and Raw operation."
0xf
0x50
0xff
0x3
15
80
255